#-----------------------------------------------------------
# Webtalk v2020.2 (64-bit)
# SW Build 3064766 on Wed Nov 18 09:12:45 MST 2020
# IP Build 3064653 on Wed Nov 18 14:17:31 MST 2020
# Start of session at: Mon Sep 18 17:26:13 2023
# Process ID: 147828
# Current directory: d:/jahwa/windows/vivado/pynq_mb/jahwa_daq_system/jahwa_daq_system.tmp/axi_clock_divider_v1_0_project/axi_clock_divider_v1_0_project.sim/sim_1/behav/xsim
# Command line: wbtcv.exe -mode batch -source d:/jahwa/windows/vivado/pynq_mb/jahwa_daq_system/jahwa_daq_system.tmp/axi_clock_divider_v1_0_project/axi_clock_divider_v1_0_project.sim/sim_1/behav/xsim/xsim.dir/tb_clock_divider_behav/webtalk/xsim_webtalk.tcl -notrace
# Log file: d:/jahwa/windows/vivado/pynq_mb/jahwa_daq_system/jahwa_daq_system.tmp/axi_clock_divider_v1_0_project/axi_clock_divider_v1_0_project.sim/sim_1/behav/xsim/webtalk.log
# Journal file: d:/jahwa/windows/vivado/pynq_mb/jahwa_daq_system/jahwa_daq_system.tmp/axi_clock_divider_v1_0_project/axi_clock_divider_v1_0_project.sim/sim_1/behav/xsim\webtalk.jou
#-----------------------------------------------------------
source d:/jahwa/windows/vivado/pynq_mb/jahwa_daq_system/jahwa_daq_system.tmp/axi_clock_divider_v1_0_project/axi_clock_divider_v1_0_project.sim/sim_1/behav/xsim/xsim.dir/tb_clock_divider_behav/webtalk/xsim_webtalk.tcl -notrace
